Learning audit: 8704 bouts, 1152 jobs, source 19800346ef69e63f1917ee67d02f4f083285101cb4342ed39d323d195b0bc9e5
600/8704 bouts, 2097.0s
1200/8704 bouts, 4448.6s
1800/8704 bouts, 6833.6s
1928/8704 bouts, 7267.6s
1938/8704 bouts, 7311.2s
1948/8704 bouts, 7357.8s
1958/8704 bouts, 7400.4s
1968/8704 bouts, 7443.6s
1978/8704 bouts, 7474.2s
1988/8704 bouts, 7498.9s
1998/8704 bouts, 7530.8s
2008/8704 bouts, 7570.6s
2018/8704 bouts, 7595.8s
2028/8704 bouts, 7638.2s
2038/8704 bouts, 7679.5s
2048/8704 bouts, 7722.3s
2058/8704 bouts, 7758.3s
2068/8704 bouts, 7789.9s
2078/8704 bouts, 7828.0s
2088/8704 bouts, 7851.2s
2098/8704 bouts, 7875.5s
2108/8704 bouts, 7899.1s
2118/8704 bouts, 7924.5s
2128/8704 bouts, 7949.8s
2138/8704 bouts, 7982.2s
2148/8704 bouts, 8024.0s
2158/8704 bouts, 8061.4s
2168/8704 bouts, 8098.0s
2296/8704 bouts, 8546.4s
2896/8704 bouts, 11251.7s
3496/8704 bouts, 13965.7s
4096/8704 bouts, 16374.9s
4106/8704 bouts, 16414.0s
4116/8704 bouts, 16449.1s
4126/8704 bouts, 16490.0s
4136/8704 bouts, 16530.5s
4146/8704 bouts, 16563.2s
4156/8704 bouts, 16594.7s
4166/8704 bouts, 16630.5s
4176/8704 bouts, 16670.1s
4186/8704 bouts, 16708.7s
4196/8704 bouts, 16746.2s
4206/8704 bouts, 16785.3s
4216/8704 bouts, 16823.7s
4226/8704 bouts, 16861.2s
4236/8704 bouts, 16906.1s
4246/8704 bouts, 16945.9s
4256/8704 bouts, 16984.9s
4266/8704 bouts, 17024.0s
4276/8704 bouts, 17058.8s
4286/8704 bouts, 17100.8s
4296/8704 bouts, 17137.3s
4306/8704 bouts, 17165.9s
4316/8704 bouts, 17202.0s
4326/8704 bouts, 17244.1s
4336/8704 bouts, 17267.0s
4346/8704 bouts, 17290.2s
4592/8704 bouts, 18055.1s
5192/8704 bouts, 19810.2s
5792/8704 bouts, 21590.0s
6274/8704 bouts, 23137.7s
6284/8704 bouts, 23174.0s
6294/8704 bouts, 23208.7s
6304/8704 bouts, 23244.7s
6314/8704 bouts, 23279.4s
6324/8704 bouts, 23313.3s
6334/8704 bouts, 23346.1s
6344/8704 bouts, 23378.9s
6354/8704 bouts, 23415.6s
6364/8704 bouts, 23449.5s
6374/8704 bouts, 23482.4s
6384/8704 bouts, 23514.8s
6394/8704 bouts, 23548.9s
6404/8704 bouts, 23584.4s
6414/8704 bouts, 23620.7s
6424/8704 bouts, 23662.5s
6434/8704 bouts, 23704.9s
6444/8704 bouts, 23741.7s
6454/8704 bouts, 23770.1s
6464/8704 bouts, 23790.9s
6474/8704 bouts, 23812.7s
6484/8704 bouts, 23831.8s
6494/8704 bouts, 23851.7s
6504/8704 bouts, 23872.0s
6514/8704 bouts, 23892.4s
6524/8704 bouts, 23915.7s
6888/8704 bouts, 25120.2s
7488/8704 bouts, 27009.8s
8088/8704 bouts, 28796.0s
8452/8704 bouts, 29669.8s
8462/8704 bouts, 29693.4s
8472/8704 bouts, 29715.6s
8482/8704 bouts, 29739.5s
8492/8704 bouts, 29763.6s
8502/8704 bouts, 29787.9s
8512/8704 bouts, 29812.0s
8522/8704 bouts, 29843.2s
8532/8704 bouts, 29870.5s
8542/8704 bouts, 29894.2s
8552/8704 bouts, 29921.3s
8562/8704 bouts, 29959.4s
8572/8704 bouts, 29998.9s
8582/8704 bouts, 30042.6s
8592/8704 bouts, 30083.8s
8602/8704 bouts, 30126.3s
8612/8704 bouts, 30165.3s
8622/8704 bouts, 30206.9s
8632/8704 bouts, 30255.0s
8642/8704 bouts, 30297.0s
8652/8704 bouts, 30336.3s
8662/8704 bouts, 30375.3s
8672/8704 bouts, 30406.7s
8682/8704 bouts, 30430.2s
8692/8704 bouts, 30457.1s
8702/8704 bouts, 30479.8s
8704/8704 bouts, 30484.2s
file:///workspace/shared/tether-review/final-source/arena/learning-audit.mjs:112
  await writeFile(`${out}.json`,JSON.stringify(report,null,2));
                                     ^

RangeError: Invalid string length
    at JSON.stringify (<anonymous>)
    at runLearningAudit (file:///workspace/shared/tether-review/final-source/arena/learning-audit.mjs:112:38)
    at async file:///workspace/shared/tether-review/final-source/arena/learning-audit.mjs:118:79

Node.js v24.19.0
