{"type":"progress","phase":"pilot","completed":1,"total":192,"taskId":"pilot-cdev-a-default-mind-learning-frozen-s1-b0"}
{"type":"progress","phase":"pilot","completed":2,"total":192,"taskId":"pilot-cdev-a-default-mind-full-s1-b0"}
{"type":"progress","phase":"pilot","completed":3,"total":192,"taskId":"pilot-cdev-a-default-mind-learning-frozen-s0-b0"}
{"type":"progress","phase":"pilot","completed":4,"total":192,"taskId":"pilot-cdev-a-default-mind-fixed-metacog-s1-b0"}
{"type":"progress","phase":"pilot","completed":5,"total":192,"taskId":"pilot-cdev-a-default-mind-full-s0-b0"}
{"type":"progress","phase":"pilot","completed":6,"total":192,"taskId":"pilot-cdev-a-default-mind-fixed-metacog-s0-b0"}
{"type":"progress","phase":"pilot","completed":7,"total":192,"taskId":"pilot-cdev-a-default-mind-no-novelty-s1-b0"}
{"type":"progress","phase":"pilot","completed":8,"total":192,"taskId":"pilot-cdev-a-default-mind-no-novelty-s0-b0"}
{"type":"progress","phase":"pilot","completed":9,"total":192,"taskId":"pilot-cdev-a-default-mind-learning-frozen-s1-b1"}
{"type":"progress","phase":"pilot","completed":10,"total":192,"taskId":"pilot-cdev-a-default-mind-full-s1-b1"}
{"type":"progress","phase":"pilot","completed":11,"total":192,"taskId":"pilot-cdev-a-default-mind-learning-frozen-s0-b1"}
{"type":"progress","phase":"pilot","completed":12,"total":192,"taskId":"pilot-cdev-a-default-mind-fixed-metacog-s1-b1"}
{"type":"progress","phase":"pilot","completed":13,"total":192,"taskId":"pilot-cdev-a-default-mind-no-novelty-s1-b1"}
{"type":"progress","phase":"pilot","completed":14,"total":192,"taskId":"pilot-cdev-a-default-mind-full-s0-b1"}
{"type":"progress","phase":"pilot","completed":15,"total":192,"taskId":"pilot-cdev-a-default-mind-fixed-metacog-s0-b1"}
{"type":"progress","phase":"pilot","completed":16,"total":192,"taskId":"pilot-cdev-a-default-mind-no-novelty-s0-b1"}
{"type":"progress","phase":"pilot","completed":17,"total":192,"taskId":"pilot-cdev-a-default-conventional-s0-b0"}
{"type":"progress","phase":"pilot","completed":18,"total":192,"taskId":"pilot-cdev-a-default-conventional-s1-b0"}
{"type":"progress","phase":"pilot","completed":19,"total":192,"taskId":"pilot-cdev-a-default-conventional-s0-b1"}
{"type":"progress","phase":"pilot","completed":20,"total":192,"taskId":"pilot-cdev-a-default-mind-broadcast-cut-s0-b0"}
{"type":"progress","phase":"pilot","completed":21,"total":192,"taskId":"pilot-cdev-a-default-conventional-s1-b1"}
{"type":"progress","phase":"pilot","completed":22,"total":192,"taskId":"pilot-cdev-a-default-mind-broadcast-cut-s1-b0"}
{"type":"progress","phase":"pilot","completed":23,"total":192,"taskId":"pilot-cdev-a-default-mind-broadcast-cut-s0-b1"}
{"type":"progress","phase":"pilot","completed":24,"total":192,"taskId":"pilot-cdev-a-arena-mirror-x-mind-full-s0-b0"}
{"type":"progress","phase":"pilot","completed":25,"total":192,"taskId":"pilot-cdev-a-default-mind-broadcast-cut-s1-b1"}
{"type":"progress","phase":"pilot","completed":26,"total":192,"taskId":"pilot-cdev-a-arena-mirror-x-mind-full-s1-b0"}
{"type":"progress","phase":"pilot","completed":27,"total":192,"taskId":"pilot-cdev-a-arena-mirror-x-mind-no-novelty-s0-b0"}
{"type":"progress","phase":"pilot","completed":28,"total":192,"taskId":"pilot-cdev-a-default-conventional-useful-2x-s1-b0"}
{"type":"progress","phase":"pilot","completed":29,"total":192,"taskId":"pilot-cdev-a-default-conventional-useful-2x-s0-b0"}
{"type":"progress","phase":"pilot","completed":30,"total":192,"taskId":"pilot-cdev-a-arena-mirror-x-mind-full-s0-b1"}
{"type":"progress","phase":"pilot","completed":31,"total":192,"taskId":"pilot-cdev-a-arena-mirror-x-mind-full-s1-b1"}
{"type":"progress","phase":"pilot","completed":32,"total":192,"taskId":"pilot-cdev-a-arena-mirror-x-mind-no-novelty-s1-b0"}
{"type":"progress","phase":"pilot","completed":33,"total":192,"taskId":"pilot-cdev-a-arena-mirror-x-mind-no-novelty-s0-b1"}
{"type":"progress","phase":"pilot","completed":34,"total":192,"taskId":"pilot-cdev-a-default-conventional-useful-4x-s1-b0"}
{"type":"progress","phase":"pilot","completed":35,"total":192,"taskId":"pilot-cdev-a-default-conventional-useful-4x-s0-b0"}
{"type":"progress","phase":"pilot","completed":36,"total":192,"taskId":"pilot-cdev-a-arena-mirror-x-mind-fixed-metacog-s0-b0"}
{"type":"progress","phase":"pilot","completed":37,"total":192,"taskId":"pilot-cdev-a-arena-mirror-x-mind-fixed-metacog-s1-b0"}
{"type":"progress","phase":"pilot","completed":38,"total":192,"taskId":"pilot-cdev-a-arena-mirror-x-mind-learning-frozen-s0-b0"}
{"type":"progress","phase":"pilot","completed":39,"total":192,"taskId":"pilot-cdev-a-arena-mirror-x-mind-no-novelty-s1-b1"}
{"type":"progress","phase":"pilot","completed":40,"total":192,"taskId":"pilot-cdev-a-default-conventional-useful-2x-s1-b1"}
{"type":"progress","phase":"pilot","completed":41,"total":192,"taskId":"pilot-cdev-a-arena-mirror-x-mind-fixed-metacog-s0-b1"}
{"type":"progress","phase":"pilot","completed":42,"total":192,"taskId":"pilot-cdev-a-arena-mirror-x-mind-learning-frozen-s0-b1"}
{"type":"progress","phase":"pilot","completed":43,"total":192,"taskId":"pilot-cdev-a-arena-mirror-x-mind-fixed-metacog-s1-b1"}
{"type":"progress","phase":"pilot","completed":44,"total":192,"taskId":"pilot-cdev-a-arena-mirror-x-mind-learning-frozen-s1-b0"}
{"type":"progress","phase":"pilot","completed":45,"total":192,"taskId":"pilot-cdev-a-default-conventional-useful-2x-s0-b1"}
{"type":"progress","phase":"pilot","completed":46,"total":192,"taskId":"pilot-cdev-a-arena-mirror-x-conventional-s0-b0"}
{"type":"progress","phase":"pilot","completed":47,"total":192,"taskId":"pilot-cdev-a-arena-mirror-x-conventional-s1-b0"}
{"type":"progress","phase":"pilot","completed":48,"total":192,"taskId":"pilot-cdev-a-arena-mirror-x-mind-broadcast-cut-s0-b0"}
{"type":"progress","phase":"pilot","completed":49,"total":192,"taskId":"pilot-cdev-a-arena-mirror-x-conventional-s0-b1"}
{"type":"progress","phase":"pilot","completed":50,"total":192,"taskId":"pilot-cdev-a-arena-mirror-x-conventional-s1-b1"}
{"type":"progress","phase":"pilot","completed":51,"total":192,"taskId":"pilot-cdev-a-arena-mirror-x-mind-broadcast-cut-s1-b0"}
{"type":"progress","phase":"pilot","completed":52,"total":192,"taskId":"pilot-cdev-a-arena-mirror-x-mind-learning-frozen-s1-b1"}
{"type":"progress","phase":"pilot","completed":53,"total":192,"taskId":"pilot-cdev-a-arena-mirror-x-mind-broadcast-cut-s0-b1"}
{"type":"progress","phase":"pilot","completed":54,"total":192,"taskId":"pilot-cdev-a-arena-mirror-x-mind-broadcast-cut-s1-b1"}
{"type":"progress","phase":"pilot","completed":55,"total":192,"taskId":"pilot-cdev-a-default-conventional-useful-4x-s1-b1"}
{"type":"progress","phase":"pilot","completed":56,"total":192,"taskId":"pilot-cdev-b-default-mind-full-s0-b0"}
{"type":"progress","phase":"pilot","completed":57,"total":192,"taskId":"pilot-cdev-a-arena-mirror-x-conventional-useful-2x-s0-b0"}
{"type":"progress","phase":"pilot","completed":58,"total":192,"taskId":"pilot-cdev-a-default-conventional-useful-4x-s0-b1"}
{"type":"progress","phase":"pilot","completed":59,"total":192,"taskId":"pilot-cdev-b-default-mind-full-s1-b0"}
{"type":"progress","phase":"pilot","completed":60,"total":192,"taskId":"pilot-cdev-b-default-mind-no-novelty-s0-b0"}
{"type":"progress","phase":"pilot","completed":61,"total":192,"taskId":"pilot-cdev-a-arena-mirror-x-conventional-useful-2x-s1-b0"}
{"type":"progress","phase":"pilot","completed":62,"total":192,"taskId":"pilot-cdev-b-default-mind-full-s0-b1"}
{"type":"progress","phase":"pilot","completed":63,"total":192,"taskId":"pilot-cdev-b-default-mind-full-s1-b1"}
{"type":"progress","phase":"pilot","completed":64,"total":192,"taskId":"pilot-cdev-b-default-mind-no-novelty-s1-b0"}
{"type":"progress","phase":"pilot","completed":65,"total":192,"taskId":"pilot-cdev-a-arena-mirror-x-conventional-useful-4x-s0-b0"}
{"type":"progress","phase":"pilot","completed":66,"total":192,"taskId":"pilot-cdev-b-default-mind-no-novelty-s0-b1"}
{"type":"progress","phase":"pilot","completed":67,"total":192,"taskId":"pilot-cdev-b-default-mind-fixed-metacog-s0-b0"}
{"type":"progress","phase":"pilot","completed":68,"total":192,"taskId":"pilot-cdev-a-arena-mirror-x-conventional-useful-2x-s0-b1"}
{"type":"progress","phase":"pilot","completed":69,"total":192,"taskId":"pilot-cdev-a-arena-mirror-x-conventional-useful-4x-s1-b0"}
{"type":"progress","phase":"pilot","completed":70,"total":192,"taskId":"pilot-cdev-b-default-mind-learning-frozen-s0-b0"}
{"type":"progress","phase":"pilot","completed":71,"total":192,"taskId":"pilot-cdev-b-default-mind-no-novelty-s1-b1"}
{"type":"progress","phase":"pilot","completed":72,"total":192,"taskId":"pilot-cdev-b-default-mind-fixed-metacog-s1-b0"}
{"type":"progress","phase":"pilot","completed":73,"total":192,"taskId":"pilot-cdev-a-arena-mirror-x-conventional-useful-2x-s1-b1"}
{"type":"progress","phase":"pilot","completed":74,"total":192,"taskId":"pilot-cdev-b-default-mind-learning-frozen-s1-b0"}
{"type":"progress","phase":"pilot","completed":75,"total":192,"taskId":"pilot-cdev-b-default-mind-learning-frozen-s0-b1"}
{"type":"progress","phase":"pilot","completed":76,"total":192,"taskId":"pilot-cdev-b-default-mind-fixed-metacog-s0-b1"}
{"type":"progress","phase":"pilot","completed":77,"total":192,"taskId":"pilot-cdev-b-default-mind-broadcast-cut-s0-b0"}
{"type":"progress","phase":"pilot","completed":78,"total":192,"taskId":"pilot-cdev-b-default-conventional-s0-b0"}
{"type":"progress","phase":"pilot","completed":79,"total":192,"taskId":"pilot-cdev-b-default-mind-fixed-metacog-s1-b1"}
{"type":"progress","phase":"pilot","completed":80,"total":192,"taskId":"pilot-cdev-b-default-conventional-s1-b0"}
{"type":"progress","phase":"pilot","completed":81,"total":192,"taskId":"pilot-cdev-b-default-conventional-s0-b1"}
{"type":"progress","phase":"pilot","completed":82,"total":192,"taskId":"pilot-cdev-b-default-mind-broadcast-cut-s1-b0"}
{"type":"progress","phase":"pilot","completed":83,"total":192,"taskId":"pilot-cdev-b-default-conventional-s1-b1"}
{"type":"progress","phase":"pilot","completed":84,"total":192,"taskId":"pilot-cdev-b-default-mind-learning-frozen-s1-b1"}
{"type":"progress","phase":"pilot","completed":85,"total":192,"taskId":"pilot-cdev-b-default-mind-broadcast-cut-s0-b1"}
{"type":"progress","phase":"pilot","completed":86,"total":192,"taskId":"pilot-cdev-a-arena-mirror-x-conventional-useful-4x-s0-b1"}
{"type":"progress","phase":"pilot","completed":87,"total":192,"taskId":"pilot-cdev-b-default-mind-broadcast-cut-s1-b1"}
{"type":"progress","phase":"pilot","completed":88,"total":192,"taskId":"pilot-cdev-b-arena-mirror-x-mind-full-s0-b0"}
{"type":"progress","phase":"pilot","completed":89,"total":192,"taskId":"pilot-cdev-b-arena-mirror-x-mind-full-s1-b0"}
{"type":"progress","phase":"pilot","completed":90,"total":192,"taskId":"pilot-cdev-b-default-conventional-useful-2x-s0-b0"}
{"type":"progress","phase":"pilot","completed":91,"total":192,"taskId":"pilot-cdev-b-default-conventional-useful-2x-s1-b0"}
{"type":"progress","phase":"pilot","completed":92,"total":192,"taskId":"pilot-cdev-a-arena-mirror-x-conventional-useful-4x-s1-b1"}
{"type":"progress","phase":"pilot","completed":93,"total":192,"taskId":"pilot-cdev-b-arena-mirror-x-mind-no-novelty-s0-b0"}
{"type":"progress","phase":"pilot","completed":94,"total":192,"taskId":"pilot-cdev-b-arena-mirror-x-mind-full-s0-b1"}
{"type":"progress","phase":"pilot","completed":95,"total":192,"taskId":"pilot-cdev-b-arena-mirror-x-mind-full-s1-b1"}
{"type":"progress","phase":"pilot","completed":96,"total":192,"taskId":"pilot-cdev-b-arena-mirror-x-mind-no-novelty-s1-b0"}
{"type":"progress","phase":"pilot","completed":97,"total":192,"taskId":"pilot-cdev-b-arena-mirror-x-mind-no-novelty-s0-b1"}
{"type":"progress","phase":"pilot","completed":98,"total":192,"taskId":"pilot-cdev-b-arena-mirror-x-mind-fixed-metacog-s0-b0"}
{"type":"progress","phase":"pilot","completed":99,"total":192,"taskId":"pilot-cdev-b-default-conventional-useful-4x-s1-b0"}
{"type":"progress","phase":"pilot","completed":100,"total":192,"taskId":"pilot-cdev-b-default-conventional-useful-4x-s0-b0"}
{"type":"progress","phase":"pilot","completed":101,"total":192,"taskId":"pilot-cdev-b-arena-mirror-x-mind-learning-frozen-s0-b0"}
{"type":"progress","phase":"pilot","completed":102,"total":192,"taskId":"pilot-cdev-b-arena-mirror-x-mind-fixed-metacog-s1-b0"}
{"type":"progress","phase":"pilot","completed":103,"total":192,"taskId":"pilot-cdev-b-arena-mirror-x-mind-no-novelty-s1-b1"}
{"type":"progress","phase":"pilot","completed":104,"total":192,"taskId":"pilot-cdev-b-default-conventional-useful-2x-s0-b1"}
{"type":"progress","phase":"pilot","completed":105,"total":192,"taskId":"pilot-cdev-b-default-conventional-useful-2x-s1-b1"}
{"type":"progress","phase":"pilot","completed":106,"total":192,"taskId":"pilot-cdev-b-arena-mirror-x-mind-fixed-metacog-s0-b1"}
{"type":"progress","phase":"pilot","completed":107,"total":192,"taskId":"pilot-cdev-b-arena-mirror-x-mind-learning-frozen-s0-b1"}
{"type":"progress","phase":"pilot","completed":108,"total":192,"taskId":"pilot-cdev-b-arena-mirror-x-conventional-s0-b0"}
{"type":"progress","phase":"pilot","completed":109,"total":192,"taskId":"pilot-cdev-b-arena-mirror-x-mind-learning-frozen-s1-b0"}
{"type":"progress","phase":"pilot","completed":110,"total":192,"taskId":"pilot-cdev-b-arena-mirror-x-conventional-s1-b0"}
{"type":"progress","phase":"pilot","completed":111,"total":192,"taskId":"pilot-cdev-b-arena-mirror-x-mind-broadcast-cut-s0-b0"}
{"type":"progress","phase":"pilot","completed":112,"total":192,"taskId":"pilot-cdev-b-arena-mirror-x-mind-fixed-metacog-s1-b1"}
{"type":"progress","phase":"pilot","completed":113,"total":192,"taskId":"pilot-cdev-b-arena-mirror-x-mind-broadcast-cut-s1-b0"}
{"type":"progress","phase":"pilot","completed":114,"total":192,"taskId":"pilot-cdev-b-arena-mirror-x-conventional-s0-b1"}
{"type":"progress","phase":"pilot","completed":115,"total":192,"taskId":"pilot-cdev-b-arena-mirror-x-conventional-s1-b1"}
{"type":"progress","phase":"pilot","completed":116,"total":192,"taskId":"pilot-cdev-b-arena-mirror-x-mind-learning-frozen-s1-b1"}
{"type":"progress","phase":"pilot","completed":117,"total":192,"taskId":"pilot-cdev-b-arena-mirror-x-mind-broadcast-cut-s0-b1"}
{"type":"progress","phase":"pilot","completed":118,"total":192,"taskId":"pilot-cdev-b-arena-mirror-x-mind-broadcast-cut-s1-b1"}
{"type":"progress","phase":"pilot","completed":119,"total":192,"taskId":"pilot-cdev-c-default-mind-full-s1-b0"}
{"type":"progress","phase":"pilot","completed":120,"total":192,"taskId":"pilot-cdev-c-default-mind-full-s0-b0"}
{"type":"progress","phase":"pilot","completed":121,"total":192,"taskId":"pilot-cdev-b-default-conventional-useful-4x-s1-b1"}
{"type":"progress","phase":"pilot","completed":122,"total":192,"taskId":"pilot-cdev-b-arena-mirror-x-conventional-useful-2x-s0-b0"}
{"type":"progress","phase":"pilot","completed":123,"total":192,"taskId":"pilot-cdev-b-arena-mirror-x-conventional-useful-2x-s1-b0"}
{"type":"progress","phase":"pilot","completed":124,"total":192,"taskId":"pilot-cdev-b-default-conventional-useful-4x-s0-b1"}
{"type":"progress","phase":"pilot","completed":125,"total":192,"taskId":"pilot-cdev-c-default-mind-full-s0-b1"}
{"type":"progress","phase":"pilot","completed":126,"total":192,"taskId":"pilot-cdev-c-default-mind-full-s1-b1"}
{"type":"progress","phase":"pilot","completed":127,"total":192,"taskId":"pilot-cdev-c-default-mind-no-novelty-s0-b0"}
{"type":"progress","phase":"pilot","completed":128,"total":192,"taskId":"pilot-cdev-b-arena-mirror-x-conventional-useful-4x-s0-b0"}
{"type":"progress","phase":"pilot","completed":129,"total":192,"taskId":"pilot-cdev-c-default-mind-no-novelty-s1-b0"}
{"type":"progress","phase":"pilot","completed":130,"total":192,"taskId":"pilot-cdev-c-default-mind-fixed-metacog-s0-b0"}
{"type":"progress","phase":"pilot","completed":131,"total":192,"taskId":"pilot-cdev-c-default-mind-fixed-metacog-s1-b0"}
{"type":"progress","phase":"pilot","completed":132,"total":192,"taskId":"pilot-cdev-c-default-mind-no-novelty-s0-b1"}
{"type":"progress","phase":"pilot","completed":133,"total":192,"taskId":"pilot-cdev-b-arena-mirror-x-conventional-useful-2x-s0-b1"}
{"type":"progress","phase":"pilot","completed":134,"total":192,"taskId":"pilot-cdev-b-arena-mirror-x-conventional-useful-4x-s1-b0"}
{"type":"progress","phase":"pilot","completed":135,"total":192,"taskId":"pilot-cdev-c-default-mind-no-novelty-s1-b1"}
{"type":"progress","phase":"pilot","completed":136,"total":192,"taskId":"pilot-cdev-c-default-mind-fixed-metacog-s1-b1"}
{"type":"progress","phase":"pilot","completed":137,"total":192,"taskId":"pilot-cdev-c-default-mind-learning-frozen-s0-b0"}
{"type":"progress","phase":"pilot","completed":138,"total":192,"taskId":"pilot-cdev-b-arena-mirror-x-conventional-useful-2x-s1-b1"}
{"type":"progress","phase":"pilot","completed":139,"total":192,"taskId":"pilot-cdev-c-default-mind-fixed-metacog-s0-b1"}
{"type":"progress","phase":"pilot","completed":140,"total":192,"taskId":"pilot-cdev-c-default-mind-learning-frozen-s1-b0"}
{"type":"progress","phase":"pilot","completed":141,"total":192,"taskId":"pilot-cdev-c-default-conventional-s1-b0"}
{"type":"progress","phase":"pilot","completed":142,"total":192,"taskId":"pilot-cdev-c-default-conventional-s0-b0"}
{"type":"progress","phase":"pilot","completed":143,"total":192,"taskId":"pilot-cdev-c-default-conventional-s1-b1"}
{"type":"progress","phase":"pilot","completed":144,"total":192,"taskId":"pilot-cdev-c-default-conventional-s0-b1"}
{"type":"progress","phase":"pilot","completed":145,"total":192,"taskId":"pilot-cdev-c-default-mind-broadcast-cut-s0-b0"}
{"type":"progress","phase":"pilot","completed":146,"total":192,"taskId":"pilot-cdev-c-default-mind-broadcast-cut-s1-b0"}
{"type":"progress","phase":"pilot","completed":147,"total":192,"taskId":"pilot-cdev-c-default-mind-learning-frozen-s0-b1"}
{"type":"progress","phase":"pilot","completed":148,"total":192,"taskId":"pilot-cdev-c-default-mind-learning-frozen-s1-b1"}
{"type":"progress","phase":"pilot","completed":149,"total":192,"taskId":"pilot-cdev-c-default-mind-broadcast-cut-s0-b1"}
{"type":"progress","phase":"pilot","completed":150,"total":192,"taskId":"pilot-cdev-c-default-mind-broadcast-cut-s1-b1"}
{"type":"progress","phase":"pilot","completed":151,"total":192,"taskId":"pilot-cdev-b-arena-mirror-x-conventional-useful-4x-s0-b1"}
{"type":"progress","phase":"pilot","completed":152,"total":192,"taskId":"pilot-cdev-c-arena-mirror-x-mind-full-s1-b0"}
{"type":"progress","phase":"pilot","completed":153,"total":192,"taskId":"pilot-cdev-c-default-conventional-useful-2x-s0-b0"}
{"type":"progress","phase":"pilot","completed":154,"total":192,"taskId":"pilot-cdev-c-arena-mirror-x-mind-full-s0-b0"}
{"type":"progress","phase":"pilot","completed":155,"total":192,"taskId":"pilot-cdev-c-default-conventional-useful-2x-s1-b0"}
{"type":"progress","phase":"pilot","completed":156,"total":192,"taskId":"pilot-cdev-b-arena-mirror-x-conventional-useful-4x-s1-b1"}
{"type":"progress","phase":"pilot","completed":157,"total":192,"taskId":"pilot-cdev-c-arena-mirror-x-mind-no-novelty-s0-b0"}
{"type":"progress","phase":"pilot","completed":158,"total":192,"taskId":"pilot-cdev-c-default-conventional-useful-4x-s0-b0"}
{"type":"progress","phase":"pilot","completed":159,"total":192,"taskId":"pilot-cdev-c-arena-mirror-x-mind-full-s1-b1"}
{"type":"progress","phase":"pilot","completed":160,"total":192,"taskId":"pilot-cdev-c-arena-mirror-x-mind-full-s0-b1"}
{"type":"progress","phase":"pilot","completed":161,"total":192,"taskId":"pilot-cdev-c-default-conventional-useful-4x-s1-b0"}
{"type":"progress","phase":"pilot","completed":162,"total":192,"taskId":"pilot-cdev-c-arena-mirror-x-mind-no-novelty-s1-b0"}
{"type":"progress","phase":"pilot","completed":163,"total":192,"taskId":"pilot-cdev-c-default-conventional-useful-2x-s0-b1"}
{"type":"progress","phase":"pilot","completed":164,"total":192,"taskId":"pilot-cdev-c-arena-mirror-x-mind-no-novelty-s0-b1"}
{"type":"progress","phase":"pilot","completed":165,"total":192,"taskId":"pilot-cdev-c-arena-mirror-x-mind-fixed-metacog-s0-b0"}
{"type":"progress","phase":"pilot","completed":166,"total":192,"taskId":"pilot-cdev-c-default-conventional-useful-2x-s1-b1"}
{"type":"progress","phase":"pilot","completed":167,"total":192,"taskId":"pilot-cdev-c-arena-mirror-x-mind-fixed-metacog-s1-b0"}
{"type":"progress","phase":"pilot","completed":168,"total":192,"taskId":"pilot-cdev-c-arena-mirror-x-mind-no-novelty-s1-b1"}
{"type":"progress","phase":"pilot","completed":169,"total":192,"taskId":"pilot-cdev-c-arena-mirror-x-mind-learning-frozen-s0-b0"}
{"type":"progress","phase":"pilot","completed":170,"total":192,"taskId":"pilot-cdev-c-arena-mirror-x-mind-learning-frozen-s1-b0"}
{"type":"progress","phase":"pilot","completed":171,"total":192,"taskId":"pilot-cdev-c-arena-mirror-x-mind-fixed-metacog-s0-b1"}
{"type":"progress","phase":"pilot","completed":172,"total":192,"taskId":"pilot-cdev-c-arena-mirror-x-mind-broadcast-cut-s0-b0"}
{"type":"progress","phase":"pilot","completed":173,"total":192,"taskId":"pilot-cdev-c-arena-mirror-x-mind-fixed-metacog-s1-b1"}
{"type":"progress","phase":"pilot","completed":174,"total":192,"taskId":"pilot-cdev-c-arena-mirror-x-mind-broadcast-cut-s1-b0"}
{"type":"progress","phase":"pilot","completed":175,"total":192,"taskId":"pilot-cdev-c-arena-mirror-x-conventional-s0-b0"}
{"type":"progress","phase":"pilot","completed":176,"total":192,"taskId":"pilot-cdev-c-arena-mirror-x-mind-learning-frozen-s0-b1"}
{"type":"progress","phase":"pilot","completed":177,"total":192,"taskId":"pilot-cdev-c-arena-mirror-x-mind-learning-frozen-s1-b1"}
{"type":"progress","phase":"pilot","completed":178,"total":192,"taskId":"pilot-cdev-c-arena-mirror-x-conventional-s1-b0"}
{"type":"progress","phase":"pilot","completed":179,"total":192,"taskId":"pilot-cdev-c-default-conventional-useful-4x-s1-b1"}
{"type":"progress","phase":"pilot","completed":180,"total":192,"taskId":"pilot-cdev-c-arena-mirror-x-conventional-s0-b1"}
{"type":"progress","phase":"pilot","completed":181,"total":192,"taskId":"pilot-cdev-c-arena-mirror-x-mind-broadcast-cut-s0-b1"}
node:internal/modules/run_main:107
    triggerUncaughtException(
    ^

Error: ESRCH: no such process, read
    at async readFileHandle (node:internal/fs/promises:613:24)
    at async Timeout.<anonymous> (file:///workspace/scratch/75679def3745/tether-robustness-shifts/repo/experimental/runner.mjs:37:22) {
  errno: -3,
  code: 'ESRCH',
  syscall: 'read'
}

Node.js v24.19.0
