✔ exactly eight existing fixtures and two fixed development seeds (1.209982ms)
✔ current source accepts preserved ordinary snapshot without acting (3.456846ms)
✖ unchanged legal scripts and passive prefill satisfy geometry (7.743852ms)
✔ summary requires completed-cycle identity and real trial evidence (0.734857ms)
✔ non-emission is not a physical miss (0.353733ms)
ℹ tests 5
ℹ suites 0
ℹ pass 4
ℹ fail 1
ℹ cancelled 0
ℹ skipped 0
ℹ todo 0
ℹ duration_ms 105.059316

✖ failing tests:

test at tether-knowncase-new-diagnostic/preflight.test.mjs:14:1
✖ unchanged legal scripts and passive prefill satisfy geometry (7.743852ms)
  AssertionError [ERR_ASSERTION]: near-clear-0
  + actual - expected
  
  + undefined
  - 'HELD'
  
      at TestContext.<anonymous> (file:///workspace/scratch/75679def3745/tether-knowncase-new-diagnostic/preflight.test.mjs:14:376)
      at Test.runInAsyncScope (node:async_hooks:227:14)
      at Test.run (node:internal/test_runner/test:1382:25)
      at Test.processPendingSubtests (node:internal/test_runner/test:960:18)
      at Test.postRun (node:internal/test_runner/test:1522:19)
      at Test.run (node:internal/test_runner/test:1447:12)
      at async Test.processPendingSubtests (node:internal/test_runner/test:960:7) {
    generatedMessage: false,
    code: 'ERR_ASSERTION',
    actual: undefined,
    expected: 'HELD',
    operator: 'strictEqual',
    diff: 'simple'
  }
